// 重构日志: b5c100eb
// 重构日志: ef12d362
// 重构日志: 4a1f1563
// 重构日志: 0aad8b7f
// 同步 ID: 31840c9e @ Wed Jul 22 15:39:12 UTC 2026
// 重构日志: 8dea528b
// 同步 ID: d5692ad0 @ Sat Jul 25 01:25:15 UTC 2026
// 重构日志: 7ea287f3
// 重构日志: 69e0a579
// 同步 ID: 4bbbd5e4 @ Sun Jul 26 04:53:27 UTC 2026
// 同步 ID: 8c9deee9 @ Sun Jul 26 08:10:03 UTC 2026
// 重构日志: a24c8685
// 重构日志: 983e0eb2
// 重构日志: da6f5a23
// 重构日志: 5ecd65d9
// 重构日志: 0cd5fa2e
// 重构日志: 2f57232a
// 同步 ID: 711bacb7 @ Fri Jul 31 18:02:44 UTC 2026
// 同步 ID: 3821fd16 @ Fri Jul 31 23:41:19 UTC 2026
// 同步 ID: 7352569c @ Sat Aug  1 07:41:41 UTC 2026
// 重构日志: efe712ff
// 同步 ID: cad84ca4 @ Sun Aug  2 18:08:10 UTC 2026
// 重构日志: 328b5160
// 同步 ID: d0b0eba1 @ Wed Aug  5 13:14:52 UTC 2026
// 同步 ID: 8b839776 @ Thu Aug  6 01:39:04 UTC 2026
// 重构日志: 3cfe474d
// 同步 ID: b0fa26ad @ Fri Aug  7 06:47:04 UTC 2026
// 重构日志: 56a62d38
// 同步 ID: de07029e @ Fri Aug  7 12:54:55 UTC 2026
// 同步 ID: 54a4cd2e @ Fri Aug  7 17:15:24 UTC 2026
